// Jest Snapshot v1, https://goo.gl/fbAQLP

exports[`<View /> should present some data 1`] = `
<div
  className="table-responsive"
>
  <table
    className="table table-borderless"
  >
    <tbody>
      <tr>
        <th
          scope="row"
        >
          Timestamp
        </th>
        <td>
          Friday, January 5th 2018, 15:40:47
        </td>
      </tr>
      <tr>
        <th
          scope="row"
        >
          Current electricity tariff
        </th>
        <td>
          Normal
        </td>
      </tr>
      <tr>
        <th
          scope="row"
        >
          Current electricity consumption
        </th>
        <td>
          0.265 kWh
        </td>
      </tr>
      <tr>
        <th
          scope="row"
        >
          Current electricity production
        </th>
        <td>
          0 kWh
        </td>
      </tr>
      <tr>
        <th
          scope="row"
        >
          Total gas consumption
        </th>
        <td>
          3781.676 m3
        </td>
      </tr>
    </tbody>
  </table>
</div>
`;
