// Jest Snapshot v1, https://goo.gl/fbAQLP

exports[`<View /> should present some data 1`] = `
ShallowWrapper {
  Symbol(enzyme.__root__): [Circular],
  Symbol(enzyme.__unrendered__): <View
    data={
      Object {
        "elecCon": 0.265,
        "elecProd": 0,
        "gas": 3781.676,
        "tariff": "0002",
        "ts": "2018-01-05T15:40:47+01:00",
      }
    }
  />,
  Symbol(enzyme.__renderer__): Object {
    "batchedUpdates": [Function],
    "checkPropTypes": [Function],
    "getNode": [Function],
    "render": [Function],
    "simulateError": [Function],
    "simulateEvent": [Function],
    "unmount": [Function],
  },
  Symbol(enzyme.__node__): Object {
    "instance": null,
    "key": undefined,
    "nodeType": "function",
    "props": Object {
      "borderless": true,
      "children": <tbody>
        <tr>
          <th
            scope="row"
          >
            Timestamp
          </th>
          <td>
            Friday, January 5th 2018, 15:40:47
          </td>
        </tr>
        <tr>
          <th
            scope="row"
          >
            Current electricity tariff
          </th>
          <td>
            Normal
          </td>
        </tr>
        <tr>
          <th
            scope="row"
          >
            Current electricity consumption
          </th>
          <td>
            0.265 kWh
          </td>
        </tr>
        <tr>
          <th
            scope="row"
          >
            Current electricity production
          </th>
          <td>
            0 kWh
          </td>
        </tr>
        <tr>
          <th
            scope="row"
          >
            Total gas consumption
          </th>
          <td>
            3781.676 m3
          </td>
        </tr>
      </tbody>,
      "responsive": true,
      "responsiveTag": "div",
      "tag": "table",
    },
    "ref": null,
    "rendered": Object {
      "instance": null,
      "key": undefined,
      "nodeType": "host",
      "props": Object {
        "children": Array [
          <tr>
            <th
              scope="row"
            >
              Timestamp
            </th>
            <td>
              Friday, January 5th 2018, 15:40:47
            </td>
          </tr>,
          <tr>
            <th
              scope="row"
            >
              Current electricity tariff
            </th>
            <td>
              Normal
            </td>
          </tr>,
          <tr>
            <th
              scope="row"
            >
              Current electricity consumption
            </th>
            <td>
              0.265 kWh
            </td>
          </tr>,
          <tr>
            <th
              scope="row"
            >
              Current electricity production
            </th>
            <td>
              0 kWh
            </td>
          </tr>,
          <tr>
            <th
              scope="row"
            >
              Total gas consumption
            </th>
            <td>
              3781.676 m3
            </td>
          </tr>,
        ],
      },
      "ref": null,
      "rendered": Array [
        Object {
          "instance": null,
          "key": undefined,
          "nodeType": "host",
          "props": Object {
            "children": Array [
              <th
                scope="row"
              >
                Timestamp
              </th>,
              <td>
                Friday, January 5th 2018, 15:40:47
              </td>,
            ],
          },
          "ref": null,
          "rendered": Array [
            Object {
              "instance": null,
              "key": undefined,
              "nodeType": "host",
              "props": Object {
                "children": "Timestamp",
                "scope": "row",
              },
              "ref": null,
              "rendered": "Timestamp",
              "type": "th",
            },
            Object {
              "instance": null,
              "key": undefined,
              "nodeType": "host",
              "props": Object {
                "children": "Friday, January 5th 2018, 15:40:47",
              },
              "ref": null,
              "rendered": "Friday, January 5th 2018, 15:40:47",
              "type": "td",
            },
          ],
          "type": "tr",
        },
        Object {
          "instance": null,
          "key": undefined,
          "nodeType": "host",
          "props": Object {
            "children": Array [
              <th
                scope="row"
              >
                Current electricity tariff
              </th>,
              <td>
                Normal
              </td>,
            ],
          },
          "ref": null,
          "rendered": Array [
            Object {
              "instance": null,
              "key": undefined,
              "nodeType": "host",
              "props": Object {
                "children": "Current electricity tariff",
                "scope": "row",
              },
              "ref": null,
              "rendered": "Current electricity tariff",
              "type": "th",
            },
            Object {
              "instance": null,
              "key": undefined,
              "nodeType": "host",
              "props": Object {
                "children": "Normal",
              },
              "ref": null,
              "rendered": "Normal",
              "type": "td",
            },
          ],
          "type": "tr",
        },
        Object {
          "instance": null,
          "key": undefined,
          "nodeType": "host",
          "props": Object {
            "children": Array [
              <th
                scope="row"
              >
                Current electricity consumption
              </th>,
              <td>
                0.265 kWh
              </td>,
            ],
          },
          "ref": null,
          "rendered": Array [
            Object {
              "instance": null,
              "key": undefined,
              "nodeType": "host",
              "props": Object {
                "children": "Current electricity consumption",
                "scope": "row",
              },
              "ref": null,
              "rendered": "Current electricity consumption",
              "type": "th",
            },
            Object {
              "instance": null,
              "key": undefined,
              "nodeType": "host",
              "props": Object {
                "children": "0.265 kWh",
              },
              "ref": null,
              "rendered": "0.265 kWh",
              "type": "td",
            },
          ],
          "type": "tr",
        },
        Object {
          "instance": null,
          "key": undefined,
          "nodeType": "host",
          "props": Object {
            "children": Array [
              <th
                scope="row"
              >
                Current electricity production
              </th>,
              <td>
                0 kWh
              </td>,
            ],
          },
          "ref": null,
          "rendered": Array [
            Object {
              "instance": null,
              "key": undefined,
              "nodeType": "host",
              "props": Object {
                "children": "Current electricity production",
                "scope": "row",
              },
              "ref": null,
              "rendered": "Current electricity production",
              "type": "th",
            },
            Object {
              "instance": null,
              "key": undefined,
              "nodeType": "host",
              "props": Object {
                "children": "0 kWh",
              },
              "ref": null,
              "rendered": "0 kWh",
              "type": "td",
            },
          ],
          "type": "tr",
        },
        Object {
          "instance": null,
          "key": undefined,
          "nodeType": "host",
          "props": Object {
            "children": Array [
              <th
                scope="row"
              >
                Total gas consumption
              </th>,
              <td>
                3781.676 m3
              </td>,
            ],
          },
          "ref": null,
          "rendered": Array [
            Object {
              "instance": null,
              "key": undefined,
              "nodeType": "host",
              "props": Object {
                "children": "Total gas consumption",
                "scope": "row",
              },
              "ref": null,
              "rendered": "Total gas consumption",
              "type": "th",
            },
            Object {
              "instance": null,
              "key": undefined,
              "nodeType": "host",
              "props": Object {
                "children": "3781.676 m3",
              },
              "ref": null,
              "rendered": "3781.676 m3",
              "type": "td",
            },
          ],
          "type": "tr",
        },
      ],
      "type": "tbody",
    },
    "type": [Function],
  },
  Symbol(enzyme.__nodes__): Array [
    Object {
      "instance": null,
      "key": undefined,
      "nodeType": "function",
      "props": Object {
        "borderless": true,
        "children": <tbody>
          <tr>
            <th
              scope="row"
            >
              Timestamp
            </th>
            <td>
              Friday, January 5th 2018, 15:40:47
            </td>
          </tr>
          <tr>
            <th
              scope="row"
            >
              Current electricity tariff
            </th>
            <td>
              Normal
            </td>
          </tr>
          <tr>
            <th
              scope="row"
            >
              Current electricity consumption
            </th>
            <td>
              0.265 kWh
            </td>
          </tr>
          <tr>
            <th
              scope="row"
            >
              Current electricity production
            </th>
            <td>
              0 kWh
            </td>
          </tr>
          <tr>
            <th
              scope="row"
            >
              Total gas consumption
            </th>
            <td>
              3781.676 m3
            </td>
          </tr>
        </tbody>,
        "responsive": true,
        "responsiveTag": "div",
        "tag": "table",
      },
      "ref": null,
      "rendered": Object {
        "instance": null,
        "key": undefined,
        "nodeType": "host",
        "props": Object {
          "children": Array [
            <tr>
              <th
                scope="row"
              >
                Timestamp
              </th>
              <td>
                Friday, January 5th 2018, 15:40:47
              </td>
            </tr>,
            <tr>
              <th
                scope="row"
              >
                Current electricity tariff
              </th>
              <td>
                Normal
              </td>
            </tr>,
            <tr>
              <th
                scope="row"
              >
                Current electricity consumption
              </th>
              <td>
                0.265 kWh
              </td>
            </tr>,
            <tr>
              <th
                scope="row"
              >
                Current electricity production
              </th>
              <td>
                0 kWh
              </td>
            </tr>,
            <tr>
              <th
                scope="row"
              >
                Total gas consumption
              </th>
              <td>
                3781.676 m3
              </td>
            </tr>,
          ],
        },
        "ref": null,
        "rendered": Array [
          Object {
            "instance": null,
            "key": undefined,
            "nodeType": "host",
            "props": Object {
              "children": Array [
                <th
                  scope="row"
                >
                  Timestamp
                </th>,
                <td>
                  Friday, January 5th 2018, 15:40:47
                </td>,
              ],
            },
            "ref": null,
            "rendered": Array [
              Object {
                "instance": null,
                "key": undefined,
                "nodeType": "host",
                "props": Object {
                  "children": "Timestamp",
                  "scope": "row",
                },
                "ref": null,
                "rendered": "Timestamp",
                "type": "th",
              },
              Object {
                "instance": null,
                "key": undefined,
                "nodeType": "host",
                "props": Object {
                  "children": "Friday, January 5th 2018, 15:40:47",
                },
                "ref": null,
                "rendered": "Friday, January 5th 2018, 15:40:47",
                "type": "td",
              },
            ],
            "type": "tr",
          },
          Object {
            "instance": null,
            "key": undefined,
            "nodeType": "host",
            "props": Object {
              "children": Array [
                <th
                  scope="row"
                >
                  Current electricity tariff
                </th>,
                <td>
                  Normal
                </td>,
              ],
            },
            "ref": null,
            "rendered": Array [
              Object {
                "instance": null,
                "key": undefined,
                "nodeType": "host",
                "props": Object {
                  "children": "Current electricity tariff",
                  "scope": "row",
                },
                "ref": null,
                "rendered": "Current electricity tariff",
                "type": "th",
              },
              Object {
                "instance": null,
                "key": undefined,
                "nodeType": "host",
                "props": Object {
                  "children": "Normal",
                },
                "ref": null,
                "rendered": "Normal",
                "type": "td",
              },
            ],
            "type": "tr",
          },
          Object {
            "instance": null,
            "key": undefined,
            "nodeType": "host",
            "props": Object {
              "children": Array [
                <th
                  scope="row"
                >
                  Current electricity consumption
                </th>,
                <td>
                  0.265 kWh
                </td>,
              ],
            },
            "ref": null,
            "rendered": Array [
              Object {
                "instance": null,
                "key": undefined,
                "nodeType": "host",
                "props": Object {
                  "children": "Current electricity consumption",
                  "scope": "row",
                },
                "ref": null,
                "rendered": "Current electricity consumption",
                "type": "th",
              },
              Object {
                "instance": null,
                "key": undefined,
                "nodeType": "host",
                "props": Object {
                  "children": "0.265 kWh",
                },
                "ref": null,
                "rendered": "0.265 kWh",
                "type": "td",
              },
            ],
            "type": "tr",
          },
          Object {
            "instance": null,
            "key": undefined,
            "nodeType": "host",
            "props": Object {
              "children": Array [
                <th
                  scope="row"
                >
                  Current electricity production
                </th>,
                <td>
                  0 kWh
                </td>,
              ],
            },
            "ref": null,
            "rendered": Array [
              Object {
                "instance": null,
                "key": undefined,
                "nodeType": "host",
                "props": Object {
                  "children": "Current electricity production",
                  "scope": "row",
                },
                "ref": null,
                "rendered": "Current electricity production",
                "type": "th",
              },
              Object {
                "instance": null,
                "key": undefined,
                "nodeType": "host",
                "props": Object {
                  "children": "0 kWh",
                },
                "ref": null,
                "rendered": "0 kWh",
                "type": "td",
              },
            ],
            "type": "tr",
          },
          Object {
            "instance": null,
            "key": undefined,
            "nodeType": "host",
            "props": Object {
              "children": Array [
                <th
                  scope="row"
                >
                  Total gas consumption
                </th>,
                <td>
                  3781.676 m3
                </td>,
              ],
            },
            "ref": null,
            "rendered": Array [
              Object {
                "instance": null,
                "key": undefined,
                "nodeType": "host",
                "props": Object {
                  "children": "Total gas consumption",
                  "scope": "row",
                },
                "ref": null,
                "rendered": "Total gas consumption",
                "type": "th",
              },
              Object {
                "instance": null,
                "key": undefined,
                "nodeType": "host",
                "props": Object {
                  "children": "3781.676 m3",
                },
                "ref": null,
                "rendered": "3781.676 m3",
                "type": "td",
              },
            ],
            "type": "tr",
          },
        ],
        "type": "tbody",
      },
      "type": [Function],
    },
  ],
  Symbol(enzyme.__options__): Object {
    "adapter": ReactSixteenAdapter {
      "options": Object {
        "enableComponentDidUpdateOnSetState": true,
        "legacyContextMode": "parent",
        "lifecycles": Object {
          "componentDidUpdate": Object {
            "onSetState": true,
          },
          "getChildContext": Object {
            "calledByRenderer": false,
          },
          "getDerivedStateFromError": true,
          "getDerivedStateFromProps": Object {
            "hasShouldComponentUpdateBug": false,
          },
          "getSnapshotBeforeUpdate": true,
          "setState": Object {
            "skipsComponentDidUpdateOnNullish": true,
          },
        },
      },
    },
  },
}
`;
