// Jest Snapshot v1, https://goo.gl/fbAQLP

exports[`<View /> should present some data 1`] = `
ShallowWrapper {
  Symbol(enzyme.__root__): [Circular],
  Symbol(enzyme.__unrendered__): <View
    data={
      Object {
        "appVersion": "2.0.2",
        "database": "PostgreSQL 9.3.4",
        "freeMem": "11 MB",
        "javaVersion": "1.8.0_151 (Oracle Corporation)",
        "os": "Linux 4.1.19+ (32 bits)",
        "scalaVersion": "2.12.3",
        "totalMem": "32 MB",
      }
    }
  />,
  Symbol(enzyme.__renderer__): Object {
    "batchedUpdates": [Function],
    "checkPropTypes": [Function],
    "getNode": [Function],
    "render": [Function],
    "simulateError": [Function],
    "simulateEvent": [Function],
    "unmount": [Function],
  },
  Symbol(enzyme.__node__): Object {
    "instance": null,
    "key": undefined,
    "nodeType": "function",
    "props": Object {
      "borderless": true,
      "children": <tbody>
        <tr>
          <th
            scope="row"
          >
            Application version
          </th>
          <td>
            2.0.2
          </td>
        </tr>
        <tr>
          <th
            scope="row"
          >
            Java runtime
          </th>
          <td>
            1.8.0_151 (Oracle Corporation)
          </td>
        </tr>
        <tr>
          <th
            scope="row"
          >
            Scala version
          </th>
          <td>
            2.12.3
          </td>
        </tr>
        <tr>
          <th
            scope="row"
          >
            Operating system
          </th>
          <td>
            Linux 4.1.19+ (32 bits)
          </td>
        </tr>
        <tr>
          <th
            scope="row"
          >
            Database
          </th>
          <td>
            PostgreSQL 9.3.4
          </td>
        </tr>
        <tr>
          <th
            scope="row"
          >
            Free memory
          </th>
          <td>
            11 MB
          </td>
        </tr>
        <tr>
          <th
            scope="row"
          >
            Total memory
          </th>
          <td>
            32 MB
          </td>
        </tr>
      </tbody>,
      "responsive": true,
      "responsiveTag": "div",
      "tag": "table",
    },
    "ref": null,
    "rendered": Object {
      "instance": null,
      "key": undefined,
      "nodeType": "host",
      "props": Object {
        "children": Array [
          <tr>
            <th
              scope="row"
            >
              Application version
            </th>
            <td>
              2.0.2
            </td>
          </tr>,
          <tr>
            <th
              scope="row"
            >
              Java runtime
            </th>
            <td>
              1.8.0_151 (Oracle Corporation)
            </td>
          </tr>,
          <tr>
            <th
              scope="row"
            >
              Scala version
            </th>
            <td>
              2.12.3
            </td>
          </tr>,
          <tr>
            <th
              scope="row"
            >
              Operating system
            </th>
            <td>
              Linux 4.1.19+ (32 bits)
            </td>
          </tr>,
          <tr>
            <th
              scope="row"
            >
              Database
            </th>
            <td>
              PostgreSQL 9.3.4
            </td>
          </tr>,
          <tr>
            <th
              scope="row"
            >
              Free memory
            </th>
            <td>
              11 MB
            </td>
          </tr>,
          <tr>
            <th
              scope="row"
            >
              Total memory
            </th>
            <td>
              32 MB
            </td>
          </tr>,
        ],
      },
      "ref": null,
      "rendered": Array [
        Object {
          "instance": null,
          "key": undefined,
          "nodeType": "host",
          "props": Object {
            "children": Array [
              <th
                scope="row"
              >
                Application version
              </th>,
              <td>
                2.0.2
              </td>,
            ],
          },
          "ref": null,
          "rendered": Array [
            Object {
              "instance": null,
              "key": undefined,
              "nodeType": "host",
              "props": Object {
                "children": "Application version",
                "scope": "row",
              },
              "ref": null,
              "rendered": "Application version",
              "type": "th",
            },
            Object {
              "instance": null,
              "key": undefined,
              "nodeType": "host",
              "props": Object {
                "children": "2.0.2",
              },
              "ref": null,
              "rendered": "2.0.2",
              "type": "td",
            },
          ],
          "type": "tr",
        },
        Object {
          "instance": null,
          "key": undefined,
          "nodeType": "host",
          "props": Object {
            "children": Array [
              <th
                scope="row"
              >
                Java runtime
              </th>,
              <td>
                1.8.0_151 (Oracle Corporation)
              </td>,
            ],
          },
          "ref": null,
          "rendered": Array [
            Object {
              "instance": null,
              "key": undefined,
              "nodeType": "host",
              "props": Object {
                "children": "Java runtime",
                "scope": "row",
              },
              "ref": null,
              "rendered": "Java runtime",
              "type": "th",
            },
            Object {
              "instance": null,
              "key": undefined,
              "nodeType": "host",
              "props": Object {
                "children": "1.8.0_151 (Oracle Corporation)",
              },
              "ref": null,
              "rendered": "1.8.0_151 (Oracle Corporation)",
              "type": "td",
            },
          ],
          "type": "tr",
        },
        Object {
          "instance": null,
          "key": undefined,
          "nodeType": "host",
          "props": Object {
            "children": Array [
              <th
                scope="row"
              >
                Scala version
              </th>,
              <td>
                2.12.3
              </td>,
            ],
          },
          "ref": null,
          "rendered": Array [
            Object {
              "instance": null,
              "key": undefined,
              "nodeType": "host",
              "props": Object {
                "children": "Scala version",
                "scope": "row",
              },
              "ref": null,
              "rendered": "Scala version",
              "type": "th",
            },
            Object {
              "instance": null,
              "key": undefined,
              "nodeType": "host",
              "props": Object {
                "children": "2.12.3",
              },
              "ref": null,
              "rendered": "2.12.3",
              "type": "td",
            },
          ],
          "type": "tr",
        },
        Object {
          "instance": null,
          "key": undefined,
          "nodeType": "host",
          "props": Object {
            "children": Array [
              <th
                scope="row"
              >
                Operating system
              </th>,
              <td>
                Linux 4.1.19+ (32 bits)
              </td>,
            ],
          },
          "ref": null,
          "rendered": Array [
            Object {
              "instance": null,
              "key": undefined,
              "nodeType": "host",
              "props": Object {
                "children": "Operating system",
                "scope": "row",
              },
              "ref": null,
              "rendered": "Operating system",
              "type": "th",
            },
            Object {
              "instance": null,
              "key": undefined,
              "nodeType": "host",
              "props": Object {
                "children": "Linux 4.1.19+ (32 bits)",
              },
              "ref": null,
              "rendered": "Linux 4.1.19+ (32 bits)",
              "type": "td",
            },
          ],
          "type": "tr",
        },
        Object {
          "instance": null,
          "key": undefined,
          "nodeType": "host",
          "props": Object {
            "children": Array [
              <th
                scope="row"
              >
                Database
              </th>,
              <td>
                PostgreSQL 9.3.4
              </td>,
            ],
          },
          "ref": null,
          "rendered": Array [
            Object {
              "instance": null,
              "key": undefined,
              "nodeType": "host",
              "props": Object {
                "children": "Database",
                "scope": "row",
              },
              "ref": null,
              "rendered": "Database",
              "type": "th",
            },
            Object {
              "instance": null,
              "key": undefined,
              "nodeType": "host",
              "props": Object {
                "children": "PostgreSQL 9.3.4",
              },
              "ref": null,
              "rendered": "PostgreSQL 9.3.4",
              "type": "td",
            },
          ],
          "type": "tr",
        },
        Object {
          "instance": null,
          "key": undefined,
          "nodeType": "host",
          "props": Object {
            "children": Array [
              <th
                scope="row"
              >
                Free memory
              </th>,
              <td>
                11 MB
              </td>,
            ],
          },
          "ref": null,
          "rendered": Array [
            Object {
              "instance": null,
              "key": undefined,
              "nodeType": "host",
              "props": Object {
                "children": "Free memory",
                "scope": "row",
              },
              "ref": null,
              "rendered": "Free memory",
              "type": "th",
            },
            Object {
              "instance": null,
              "key": undefined,
              "nodeType": "host",
              "props": Object {
                "children": "11 MB",
              },
              "ref": null,
              "rendered": "11 MB",
              "type": "td",
            },
          ],
          "type": "tr",
        },
        Object {
          "instance": null,
          "key": undefined,
          "nodeType": "host",
          "props": Object {
            "children": Array [
              <th
                scope="row"
              >
                Total memory
              </th>,
              <td>
                32 MB
              </td>,
            ],
          },
          "ref": null,
          "rendered": Array [
            Object {
              "instance": null,
              "key": undefined,
              "nodeType": "host",
              "props": Object {
                "children": "Total memory",
                "scope": "row",
              },
              "ref": null,
              "rendered": "Total memory",
              "type": "th",
            },
            Object {
              "instance": null,
              "key": undefined,
              "nodeType": "host",
              "props": Object {
                "children": "32 MB",
              },
              "ref": null,
              "rendered": "32 MB",
              "type": "td",
            },
          ],
          "type": "tr",
        },
      ],
      "type": "tbody",
    },
    "type": [Function],
  },
  Symbol(enzyme.__nodes__): Array [
    Object {
      "instance": null,
      "key": undefined,
      "nodeType": "function",
      "props": Object {
        "borderless": true,
        "children": <tbody>
          <tr>
            <th
              scope="row"
            >
              Application version
            </th>
            <td>
              2.0.2
            </td>
          </tr>
          <tr>
            <th
              scope="row"
            >
              Java runtime
            </th>
            <td>
              1.8.0_151 (Oracle Corporation)
            </td>
          </tr>
          <tr>
            <th
              scope="row"
            >
              Scala version
            </th>
            <td>
              2.12.3
            </td>
          </tr>
          <tr>
            <th
              scope="row"
            >
              Operating system
            </th>
            <td>
              Linux 4.1.19+ (32 bits)
            </td>
          </tr>
          <tr>
            <th
              scope="row"
            >
              Database
            </th>
            <td>
              PostgreSQL 9.3.4
            </td>
          </tr>
          <tr>
            <th
              scope="row"
            >
              Free memory
            </th>
            <td>
              11 MB
            </td>
          </tr>
          <tr>
            <th
              scope="row"
            >
              Total memory
            </th>
            <td>
              32 MB
            </td>
          </tr>
        </tbody>,
        "responsive": true,
        "responsiveTag": "div",
        "tag": "table",
      },
      "ref": null,
      "rendered": Object {
        "instance": null,
        "key": undefined,
        "nodeType": "host",
        "props": Object {
          "children": Array [
            <tr>
              <th
                scope="row"
              >
                Application version
              </th>
              <td>
                2.0.2
              </td>
            </tr>,
            <tr>
              <th
                scope="row"
              >
                Java runtime
              </th>
              <td>
                1.8.0_151 (Oracle Corporation)
              </td>
            </tr>,
            <tr>
              <th
                scope="row"
              >
                Scala version
              </th>
              <td>
                2.12.3
              </td>
            </tr>,
            <tr>
              <th
                scope="row"
              >
                Operating system
              </th>
              <td>
                Linux 4.1.19+ (32 bits)
              </td>
            </tr>,
            <tr>
              <th
                scope="row"
              >
                Database
              </th>
              <td>
                PostgreSQL 9.3.4
              </td>
            </tr>,
            <tr>
              <th
                scope="row"
              >
                Free memory
              </th>
              <td>
                11 MB
              </td>
            </tr>,
            <tr>
              <th
                scope="row"
              >
                Total memory
              </th>
              <td>
                32 MB
              </td>
            </tr>,
          ],
        },
        "ref": null,
        "rendered": Array [
          Object {
            "instance": null,
            "key": undefined,
            "nodeType": "host",
            "props": Object {
              "children": Array [
                <th
                  scope="row"
                >
                  Application version
                </th>,
                <td>
                  2.0.2
                </td>,
              ],
            },
            "ref": null,
            "rendered": Array [
              Object {
                "instance": null,
                "key": undefined,
                "nodeType": "host",
                "props": Object {
                  "children": "Application version",
                  "scope": "row",
                },
                "ref": null,
                "rendered": "Application version",
                "type": "th",
              },
              Object {
                "instance": null,
                "key": undefined,
                "nodeType": "host",
                "props": Object {
                  "children": "2.0.2",
                },
                "ref": null,
                "rendered": "2.0.2",
                "type": "td",
              },
            ],
            "type": "tr",
          },
          Object {
            "instance": null,
            "key": undefined,
            "nodeType": "host",
            "props": Object {
              "children": Array [
                <th
                  scope="row"
                >
                  Java runtime
                </th>,
                <td>
                  1.8.0_151 (Oracle Corporation)
                </td>,
              ],
            },
            "ref": null,
            "rendered": Array [
              Object {
                "instance": null,
                "key": undefined,
                "nodeType": "host",
                "props": Object {
                  "children": "Java runtime",
                  "scope": "row",
                },
                "ref": null,
                "rendered": "Java runtime",
                "type": "th",
              },
              Object {
                "instance": null,
                "key": undefined,
                "nodeType": "host",
                "props": Object {
                  "children": "1.8.0_151 (Oracle Corporation)",
                },
                "ref": null,
                "rendered": "1.8.0_151 (Oracle Corporation)",
                "type": "td",
              },
            ],
            "type": "tr",
          },
          Object {
            "instance": null,
            "key": undefined,
            "nodeType": "host",
            "props": Object {
              "children": Array [
                <th
                  scope="row"
                >
                  Scala version
                </th>,
                <td>
                  2.12.3
                </td>,
              ],
            },
            "ref": null,
            "rendered": Array [
              Object {
                "instance": null,
                "key": undefined,
                "nodeType": "host",
                "props": Object {
                  "children": "Scala version",
                  "scope": "row",
                },
                "ref": null,
                "rendered": "Scala version",
                "type": "th",
              },
              Object {
                "instance": null,
                "key": undefined,
                "nodeType": "host",
                "props": Object {
                  "children": "2.12.3",
                },
                "ref": null,
                "rendered": "2.12.3",
                "type": "td",
              },
            ],
            "type": "tr",
          },
          Object {
            "instance": null,
            "key": undefined,
            "nodeType": "host",
            "props": Object {
              "children": Array [
                <th
                  scope="row"
                >
                  Operating system
                </th>,
                <td>
                  Linux 4.1.19+ (32 bits)
                </td>,
              ],
            },
            "ref": null,
            "rendered": Array [
              Object {
                "instance": null,
                "key": undefined,
                "nodeType": "host",
                "props": Object {
                  "children": "Operating system",
                  "scope": "row",
                },
                "ref": null,
                "rendered": "Operating system",
                "type": "th",
              },
              Object {
                "instance": null,
                "key": undefined,
                "nodeType": "host",
                "props": Object {
                  "children": "Linux 4.1.19+ (32 bits)",
                },
                "ref": null,
                "rendered": "Linux 4.1.19+ (32 bits)",
                "type": "td",
              },
            ],
            "type": "tr",
          },
          Object {
            "instance": null,
            "key": undefined,
            "nodeType": "host",
            "props": Object {
              "children": Array [
                <th
                  scope="row"
                >
                  Database
                </th>,
                <td>
                  PostgreSQL 9.3.4
                </td>,
              ],
            },
            "ref": null,
            "rendered": Array [
              Object {
                "instance": null,
                "key": undefined,
                "nodeType": "host",
                "props": Object {
                  "children": "Database",
                  "scope": "row",
                },
                "ref": null,
                "rendered": "Database",
                "type": "th",
              },
              Object {
                "instance": null,
                "key": undefined,
                "nodeType": "host",
                "props": Object {
                  "children": "PostgreSQL 9.3.4",
                },
                "ref": null,
                "rendered": "PostgreSQL 9.3.4",
                "type": "td",
              },
            ],
            "type": "tr",
          },
          Object {
            "instance": null,
            "key": undefined,
            "nodeType": "host",
            "props": Object {
              "children": Array [
                <th
                  scope="row"
                >
                  Free memory
                </th>,
                <td>
                  11 MB
                </td>,
              ],
            },
            "ref": null,
            "rendered": Array [
              Object {
                "instance": null,
                "key": undefined,
                "nodeType": "host",
                "props": Object {
                  "children": "Free memory",
                  "scope": "row",
                },
                "ref": null,
                "rendered": "Free memory",
                "type": "th",
              },
              Object {
                "instance": null,
                "key": undefined,
                "nodeType": "host",
                "props": Object {
                  "children": "11 MB",
                },
                "ref": null,
                "rendered": "11 MB",
                "type": "td",
              },
            ],
            "type": "tr",
          },
          Object {
            "instance": null,
            "key": undefined,
            "nodeType": "host",
            "props": Object {
              "children": Array [
                <th
                  scope="row"
                >
                  Total memory
                </th>,
                <td>
                  32 MB
                </td>,
              ],
            },
            "ref": null,
            "rendered": Array [
              Object {
                "instance": null,
                "key": undefined,
                "nodeType": "host",
                "props": Object {
                  "children": "Total memory",
                  "scope": "row",
                },
                "ref": null,
                "rendered": "Total memory",
                "type": "th",
              },
              Object {
                "instance": null,
                "key": undefined,
                "nodeType": "host",
                "props": Object {
                  "children": "32 MB",
                },
                "ref": null,
                "rendered": "32 MB",
                "type": "td",
              },
            ],
            "type": "tr",
          },
        ],
        "type": "tbody",
      },
      "type": [Function],
    },
  ],
  Symbol(enzyme.__options__): Object {
    "adapter": ReactSixteenAdapter {
      "options": Object {
        "enableComponentDidUpdateOnSetState": true,
        "legacyContextMode": "parent",
        "lifecycles": Object {
          "componentDidUpdate": Object {
            "onSetState": true,
          },
          "getChildContext": Object {
            "calledByRenderer": false,
          },
          "getDerivedStateFromError": true,
          "getDerivedStateFromProps": Object {
            "hasShouldComponentUpdateBug": false,
          },
          "getSnapshotBeforeUpdate": true,
          "setState": Object {
            "skipsComponentDidUpdateOnNullish": true,
          },
        },
      },
    },
    Symbol(enzyme.__providerValues__): undefined,
  },
  Symbol(enzyme.__providerValues__): Map {},
}
`;
