// Jest Snapshot v1, https://goo.gl/fbAQLP

exports[`<View /> should present some data 1`] = `
<div
  className="table-responsive"
>
  <table
    className="table table-borderless"
  >
    <tbody>
      <tr>
        <th
          scope="row"
        >
          Application version
        </th>
        <td>
          2.0.2
        </td>
      </tr>
      <tr>
        <th
          scope="row"
        >
          Java runtime
        </th>
        <td>
          1.8.0_151 (Oracle Corporation)
        </td>
      </tr>
      <tr>
        <th
          scope="row"
        >
          Scala version
        </th>
        <td>
          2.12.3
        </td>
      </tr>
      <tr>
        <th
          scope="row"
        >
          Operating system
        </th>
        <td>
          Linux 4.1.19+ (32 bits)
        </td>
      </tr>
      <tr>
        <th
          scope="row"
        >
          Database
        </th>
        <td>
          PostgreSQL 9.3.4
        </td>
      </tr>
      <tr>
        <th
          scope="row"
        >
          Free memory
        </th>
        <td>
          11 MB
        </td>
      </tr>
      <tr>
        <th
          scope="row"
        >
          Total memory
        </th>
        <td>
          32 MB
        </td>
      </tr>
    </tbody>
  </table>
</div>
`;
