// Jest Snapshot v1, https://goo.gl/fbAQLP

exports[`<TableView /> should present some data 1`] = `
<div
  className="table-responsive"
>
  <table
    className="table table-borderless"
  >
    <thead>
      <tr>
        <th>
          Date
        </th>
        <th>
          Electricity (low)
        </th>
        <th>
          Electricity (normal)
        </th>
        <th>
          Gas
        </th>
      </tr>
    </thead>
    <tbody>
      <tr>
        <td>
          05 Jan 2018
        </td>
        <td>
          2150.714
           kWh
        </td>
        <td>
          2702.641
           kWh
        </td>
        <td>
          3781.676
           m
          <sup>
            3
          </sup>
        </td>
      </tr>
      <tr>
        <td>
          06 Jan 2018
        </td>
        <td>
          2150.714
           kWh
        </td>
        <td>
          2702.641
           kWh
        </td>
        <td>
          3781.676
           m
          <sup>
            3
          </sup>
        </td>
      </tr>
    </tbody>
  </table>
</div>
`;
