// Jest Snapshot v1, https://goo.gl/fbAQLP

exports[`<View /> should present some data 1`] = `
<div
  className="table-responsive"
>
  <table
    className="table table-borderless"
  >
    <tbody>
      <tr>
        <th
          scope="row"
        >
          Date recorded
        </th>
        <td>
          Friday, January 5th 2018
        </td>
      </tr>
      <tr>
        <th
          scope="row"
        >
          Electricity (low)
        </th>
        <td>
          2150.714
           kWh
        </td>
      </tr>
      <tr>
        <th
          scope="row"
        >
          Electricity (normal)
        </th>
        <td>
          2702.641
           kWh
        </td>
      </tr>
      <tr>
        <th
          scope="row"
        >
          Gas
        </th>
        <td>
          3781.676
           m
          <sup>
            3
          </sup>
        </td>
      </tr>
    </tbody>
  </table>
</div>
`;
